node.exe :  ⚠ Linting is disabled.
At line:1 char:1
+ & "C:\laragon\bin\nodejs\node-v24/node.exe" "C:\laragon\bin\nodejs\no ...
+ ~~~~~~~~~~~~~~~~~~~~~~~~~~~~~~~~~~~~~~~~~~~~~~~~~~~~~~~~~~~~~~~~~~~~~
    + CategoryInfo          : NotSpecified: ( ⚠ Linting is disabled.:String) [], RemoteException
    + FullyQualifiedErrorId : NativeCommandError
 
   ▲ Next.js 15.5.9
   - Environments: .env.local, .env

   Creating an optimized production build ...
 ⚠ Compiled with warnings in 4.2min
   Skipping validation of types

./node_modules/@opentelemetry/instrumentation/build/esm/platform/node/instrumentation.js
Critical dependency: the request of a dependency is an expression

Import trace for requested module:
./node_modules/@opentelemetry/instrumentation/build/esm/platform/node/instrumentation.js
./node_modules/@opentelemetry/instrumentation/build/esm/platform/node/index.js
./node_modules/@opentelemetry/instrumentation/build/esm/platform/index.js
./node_modules/@opentelemetry/instrumentation/build/esm/index.js
./node_modules/@opentelemetry/sdk-node/build/src/sdk.js
./node_modules/@opentelemetry/sdk-node/build/src/index.js
./node_modules/@genkit-ai/core/lib/tracing/node-telemetry-provider.js
./node_modules/@genkit-ai/core/lib/node.js
./node_modules/genkit/lib/common.js
./node_modules/genkit/lib/index.mjs
./src/ai/genkit.ts
./src/ai/flows/analyze-personality-archetype-flow.ts
./src/app/api/assessment/submit/route.ts

   Collecting page data ...
[Firebase Admin] SDK initialized. projectId: studio-9262077557-bc9c9
[Firebase Admin] SDK initialized. projectId: studio-9262077557-bc9c9
[Firebase Admin] SDK initialized. projectId: studio-9262077557-bc9c9
[Firebase Admin] SDK initialized. projectId: studio-9262077557-bc9c9
[Firebase Admin] SDK initialized. projectId: studio-9262077557-bc9c9
[Firebase Admin] SDK initialized. projectId: studio-9262077557-bc9c9
[Firebase Admin] SDK initialized. projectId: studio-9262077557-bc9c9
   Generating static pages (0/127) ...
Error occurred prerendering page "/admin/hrd/persetujuan-izin". Read more: 
https://nextjs.org/docs/messages/prerender-error
[Error [PageNotFoundError]: Cannot find module for page: /admin/hrd/persetujuan-izin/page] {
  code: 'ENOENT'
}
Export encountered an error on /admin/hrd/persetujuan-izin/page: /admin/hrd/persetujuan-izin, exiting the build.
Error occurred prerendering page "/admin". Read more: https://nextjs.org/docs/messages/prerender-error
[Error [PageNotFoundError]: Cannot find module for page: /admin/page] {
  code: 'ENOENT'
}
Export encountered an error on /admin/page: /admin, exiting the build.
Error occurred prerendering page "/dashboard/super-admin". Read more: https://nextjs.org/docs/messages/prerender-error
[Error [PageNotFoundError]: Cannot find module for page: /(protected)/dashboard/super-admin/page] {
  code: 'ENOENT'
}
Export encountered an error on /(protected)/dashboard/super-admin/page: /dashboard/super-admin, exiting the build.
Error occurred prerendering page "/admin/super-admin/user-management". Read more: 
https://nextjs.org/docs/messages/prerender-error
[Error [PageNotFoundError]: Cannot find module for page: /admin/super-admin/user-management/page] {
  code: 'ENOENT'
}
Export encountered an error on /admin/super-admin/user-management/page: /admin/super-admin/user-management, exiting 
the build.
 ⨯ Next.js build worker exited with code: 1 and signal: null
